Script started on 2024-09-09 12:47:04+02:00 [TERM="xterm-256color" TTY="/dev/pts/0" COLUMNS="120" LINES="30"]
[?2004h]0;idgeo@GS11: /mnt/c/users/CP11.IDGEO/desktop/html/exo_git[01;32midgeo@GS11[00m:[01;34m/mnt/c/users/CP11.IDGEO/desktop/html/exo_git[00m$ make clean[5Pcd ..make clean[K[Kmake clean[5Pcd ..[1Pmake clean_clean[K_clean clean[Kcd ..make clean[K[KScript , [C[1P[1@s[C[C[C[C[C[C[C[C[1P[1@S[C[C[C[C[C[C[C[1P [K? [1P , [C [K[1P [C S t a r [1P [1P [1P [1P s t a r t d e [1P [1P e d , [C o u t p u t [C l o g [C i [1P f i l e [C i s [C ' t e r m i n a l _ l i g n e _ d e [C [K_ c o d e . t x t  [A]0;idgeo@GS11: /mnt/c/users/CP11.IDGEO/desktop/html/exo_git[01;32midgeo@GS11[00m:[01;34m/mnt/c/users/CP11.IDGEO/desktop/html/exo_git[00m$ [C[C[C[C[C[C[C[C[C[C[C[C[C[C[C[C[C[C[C[C[C[C[C[C[C[C[C[C[C[C[C[C[C[C[C[C[C[C[C[C[C[C[C[C[C[C[C[C[C[C[C[C[C[C[C[C[C[C[C[C[C[C
[?2004l[?2004h> Script started, output log file is 'terminal_ligne_de_code.txt [C[Cmake[K clean[C[C[5Pcd ..[C[C[1Pmake clean_clean[K clean[K[C[Ccd ms4w/apps/basemaps/data[C[Cmake[K clean[K_clean clean[K[C[Ccd ..[C[Cmake clean[K[C[CScript started, output log file is 'terminal_ligne_de_code.txt [C[C[KScript started, output log file is 'terminal_ligne_de_code.txt [C[Cmake[K clean[C[C[5Pcd ..[C[C[1Pmake clean_clean[K clean[K[C[Ccd ms4w/apps/basemaps/data[C[C[C[C[Cc[Kms4w/apps/basemaps/data[C[C[C[C[C/mnt[K[Kmake[C[Cls -la[C[C[1Pcd ..[C[Cls -la[C[C[2Pmake[C[C[1Pcd /mntms4w/apps/basemaps/data[C[C[C[C[Cc[Kms4w/apps/basemaps/data[C[Cmake[K clean[K_clean clean[K[C[Ccd ..[C[Cmake clean[K[C[CScript started, output log file is 'terminal_ligne_de_code.txt [C[C[KScript started, output log file is 'terminal_ligne_de_code.txt [C[Cmake[K clean[C[C[5Pcd ..[C[C[1Pmake clean_clean[K clean[K[C[Ccd ms4w/apps/basemaps/data[C[C[C[C[Cc[Kms4w/apps/basemaps/data[C[Cmake[K clean[K_clean clean[K[C[Ccd ..[C[Cmake clean[K[C[CScript started, output log file is 'terminal_ligne_de_code.txt [C[C[Kgit brach[K[Knch
[?2004l[?2004h> [K> git master[K[K[K[K[K[K[K[K[K[Khystory
[?2004l[?2004h> Script started, output log file is 'terminal_ligne_de_code.txt 
git branch
hystory[1Pystory[1Pstoryhstory[Cistory[C[C
[?2004lCommand 'Script' not found, did you mean:
  command 'script' from deb bsdutils (1:2.37.2-4ubuntu3.4)
Try: sudo apt install <deb name>
[?1h=  chckout[m[m
  checkout[m[m
  evol1[m[m
* [32mmaster[m[m
[K[?1l>    1  sudo apt update
    2  sudo apt install osm2pgsql
    3  mkdir table_space
    4  pwd
    5  osm2pgsql
    6  psql
    7  osm2pgsl
    8  exit
    9  sudo apt update
   10  sudo apt install build-essential
   11  SET PROJ_LIB=C:\ms4w\proj\nad
   12  set PROJ_LIB=C:\ms4w\proj\nad
   13  cd/mnt/
   14  cd /mnt
   15  set PROJ_LIB=C:\ms4w\proj\nad
   16  sudo apt install wget
   17  sudo apt install unzip
   18  wget
   19  cd c
   20  cd C:ms4w\apps\basemaps\data
   21  CD C:/ms4w/apps/basemaps/data
   22  cd ms4w/apps/basemaps/data
   23  make
   24  cd ..
   25  ls -la
   26  make
   27  cd 
   28  cd /mnt
   29  cd ms4w/apps/basemaps/data
   30  cd c
   31  cd ms4w/apps/basemaps/data
   32  make
   33  make clean
   34  make
   35  make_clean
   36  make clean
   37  make
   38  cd ..
   39  make clean
   40  make
   41  Script started, output log file is 'terminal_ligne_de_code.txt 
git branch
hystory
Script started, output log file is 'terminal_ligne_de_code.txt 
   42  git branch
   43  history
[?2004h]0;idgeo@GS11: /mnt/c/users/CP11.IDGEO/desktop/html/exo_git[01;32midgeo@GS11[00m:[01;34m/mnt/c/users/CP11.IDGEO/desktop/html/exo_git[00m$ historygit branch
[?2004l[?1h=  chckout[m[m
  checkout[m[m
  evol1[m[m
* [32mmaster[m[m
[K[?1l>[?2004h]0;idgeo@GS11: /mnt/c/users/CP11.IDGEO/desktop/html/exo_git[01;32midgeo@GS11[00m:[01;34m/mnt/c/users/CP11.IDGEO/desktop/html/exo_git[00m$ git branch[3Phistorygit branch[Kgit branch[3Phistorygit branch  ~e[K[Ke[Kevol1
[?2004lfatal: A branch named 'evol1' already exists.
[?2004h]0;idgeo@GS11: /mnt/c/users/CP11.IDGEO/desktop/html/exo_git[01;32midgeo@GS11[00m:[01;34m/mnt/c/users/CP11.IDGEO/desktop/html/exo_git[00m$ gi[K[Kbit 
[?2004lCommand 'bit' not found, did you mean:
  command 'wit' from deb wit (3.01a-4)
  command 'bip' from deb bip (0.9.3-1)
  command 'git' from deb git (1:2.34.1-1ubuntu1.11)
  command 'bti' from deb bti (034-6)
  command 'btt' from deb blktrace (1.2.0-5)
  command 'vit' from deb vit (2.1.0-2)
  command 'bst' from deb buildstream (1.6.1-1)
Try: sudo apt install <deb name>
[?2004h]0;idgeo@GS11: /mnt/c/users/CP11.IDGEO/desktop/html/exo_git[01;32midgeo@GS11[00m:[01;34m/mnt/c/users/CP11.IDGEO/desktop/html/exo_git[00m$ bit help
[?2004lCommand 'bit' not found, did you mean:
  command 'wit' from deb wit (3.01a-4)
  command 'vit' from deb vit (2.1.0-2)
  command 'btt' from deb blktrace (1.2.0-5)
  command 'bip' from deb bip (0.9.3-1)
  command 'bti' from deb bti (034-6)
  command 'git' from deb git (1:2.34.1-1ubuntu1.11)
  command 'bst' from deb buildstream (1.6.1-1)
Try: sudo apt install <deb name>
[?2004h]0;idgeo@GS11: /mnt/c/users/CP11.IDGEO/desktop/html/exo_git[01;32midgeo@GS11[00m:[01;34m/mnt/c/users/CP11.IDGEO/desktop/html/exo_git[00m$  git status
[?2004lOn branch master
Untracked files:
  (use "git add <file>..." to include in what will be committed)
	[31mterminal_ligne_de_code.txt[m

nothing added to commit but untracked files present (use "git add" to track)
[?2004h]0;idgeo@GS11: /mnt/c/users/CP11.IDGEO/desktop/html/exo_git[01;32midgeo@GS11[00m:[01;34m/mnt/c/users/CP11.IDGEO/desktop/html/exo_git[00m$ git commit _m[K[K-m codd[Ke[K[K[K"[K[K"code"
[?2004lOn branch master
Untracked files:
  (use "git add <file>..." to include in what will be committed)
	[31mterminal_ligne_de_code.txt[m

nothing added to commit but untracked files present (use "git add" to track)
[?2004h]0;idgeo@GS11: /mnt/c/users/CP11.IDGEO/desktop/html/exo_git[01;32midgeo@GS11[00m:[01;34m/mnt/c/users/CP11.IDGEO/desktop/html/exo_git[00m$ git comit[K[Kmit
[?2004lOn branch master
Untracked files:
  (use "git add <file>..." to include in what will be committed)
	[31mterminal_ligne_de_code.txt[m

nothing added to commit but untracked files present (use "git add" to track)
[?2004h]0;idgeo@GS11: /mnt/c/users/CP11.IDGEO/desktop/html/exo_git[01;32midgeo@GS11[00m:[01;34m/mnt/c/users/CP11.IDGEO/desktop/html/exo_git[00m$ git add* 
[?2004lgit: 'add*' is not a git command. See 'git --help'.

The most similar command is
	add
[?2004h]0;idgeo@GS11: /mnt/c/users/CP11.IDGEO/desktop/html/exo_git[01;32midgeo@GS11[00m:[01;34m/mnt/c/users/CP11.IDGEO/desktop/html/exo_git[00m$ git add* [K[K *
[?2004l[?2004h]0;idgeo@GS11: /mnt/c/users/CP11.IDGEO/desktop/html/exo_git[01;32midgeo@GS11[00m:[01;34m/mnt/c/users/CP11.IDGEO/desktop/html/exo_git[00m$ gui[K[Kt [K[Kit commit -m "code"
[?2004l[master 3569fe3] code
 Committer: adama <idgeo@GS11.idgeo.lan>
Your name and email address were configured automatically based
on your username and hostname. Please check that they are accurate.
You can suppress this message by setting them explicitly:

    git config --global user.name "Your Name"
    git config --global user.email you@example.com

After doing this, you may fix the identity used for this commit with:

    git commit --amend --reset-author

 1 file changed, 109 insertions(+)
 create mode 100644 terminal_ligne_de_code.txt
[?2004h]0;idgeo@GS11: /mnt/c/users/CP11.IDGEO/desktop/html/exo_git[01;32midgeo@GS11[00m:[01;34m/mnt/c/users/CP11.IDGEO/desktop/html/exo_git[00m$ [K]0;idgeo@GS11: /mnt/c/users/CP11.IDGEO/desktop/html/exo_git[01;32midgeo@GS11[00m:[01;34m/mnt/c/users/CP11.IDGEO/desktop/html/exo_git[00m$ [K]0;idgeo@GS11: /mnt/c/users/CP11.IDGEO/desktop/html/exo_git[01;32midgeo@GS11[00m:[01;34m/mnt/c/users/CP11.IDGEO/desktop/html/exo_git[00m$ [K]0;idgeo@GS11: /mnt/c/users/CP11.IDGEO/desktop/html/exo_git[01;32midgeo@GS11[00m:[01;34m/mnt/c/users/CP11.IDGEO/desktop/html/exo_git[00m$ [K]0;idgeo@GS11: /mnt/c/users/CP11.IDGEO/desktop/html/exo_git[01;32midgeo@GS11[00m:[01;34m/mnt/c/users/CP11.IDGEO/desktop/html/exo_git[00m$ [K]0;idgeo@GS11: /mnt/c/users/CP11.IDGEO/desktop/html/exo_git[01;32midgeo@GS11[00m:[01;34m/mnt/c/users/CP11.IDGEO/desktop/html/exo_git[00m$ [K]0;idgeo@GS11: /mnt/c/users/CP11.IDGEO/desktop/html/exo_git[01;32midgeo@GS11[00m:[01;34m/mnt/c/users/CP11.IDGEO/desktop/html/exo_git[00m$ [K]0;idgeo@GS11: /mnt/c/users/CP11.IDGEO/desktop/html/exo_git[01;32midgeo@GS11[00m:[01;34m/mnt/c/users/CP11.IDGEO/desktop/html/exo_git[00m$ [K]0;idgeo@GS11: /mnt/c/users/CP11.IDGEO/desktop/html/exo_git[01;32midgeo@GS11[00m:[01;34m/mnt/c/users/CP11.IDGEO/desktop/html/exo_git[00m$ [K]0;idgeo@GS11: /mnt/c/users/CP11.IDGEO/desktop/html/exo_git[01;32midgeo@GS11[00m:[01;34m/mnt/c/users/CP11.IDGEO/desktop/html/exo_git[00m$ [K]0;idgeo@GS11: /mnt/c/users/CP11.IDGEO/desktop/html/exo_git[01;32midgeo@GS11[00m:[01;34m/mnt/c/users/CP11.IDGEO/desktop/html/exo_git[00m$ [K]0;idgeo@GS11: /mnt/c/users/CP11.IDGEO/desktop/html/exo_git[01;32midgeo@GS11[00m:[01;34m/mnt/c/users/CP11.IDGEO/desktop/html/exo_git[00m$ [K]0;idgeo@GS11: /mnt/c/users/CP11.IDGEO/desktop/html/exo_git[01;32midgeo@GS11[00m:[01;34m/mnt/c/users/CP11.IDGEO/desktop/html/exo_git[00m$ [K]0;idgeo@GS11: /mnt/c/users/CP11.IDGEO/desktop/html/exo_git[01;32midgeo@GS11[00m:[01;34m/mnt/c/users/CP11.IDGEO/desktop/html/exo_git[00m$ [K]0;idgeo@GS11: /mnt/c/users/CP11.IDGEO/desktop/html/exo_git[01;32midgeo@GS11[00m:[01;34m/mnt/c/users/CP11.IDGEO/desktop/html/exo_git[00m$ [K]0;idgeo@GS11: /mnt/c/users/CP11.IDGEO/desktop/html/exo_git[01;32midgeo@GS11[00m:[01;34m/mnt/c/users/CP11.IDGEO/desktop/html/exo_git[00m$ [K]0;idgeo@GS11: /mnt/c/users/CP11.IDGEO/desktop/html/exo_git[01;32midgeo@GS11[00m:[01;34m/mnt/c/users/CP11.IDGEO/desktop/html/exo_git[00m$ [K]0;idgeo@GS11: /mnt/c/users/CP11.IDGEO/desktop/html/exo_git[01;32midgeo@GS11[00m:[01;34m/mnt/c/users/CP11.IDGEO/desktop/html/exo_git[00m$ [K]0;idgeo@GS11: /mnt/c/users/CP11.IDGEO/desktop/html/exo_git[01;32midgeo@GS11[00m:[01;34m/mnt/c/users/CP11.IDGEO/desktop/html/exo_git[00m$ [K]0;idgeo@GS11: /mnt/c/users/CP11.IDGEO/desktop/html/exo_git[01;32midgeo@GS11[00m:[01;34m/mnt/c/users/CP11.IDGEO/desktop/html/exo_git[00m$ [K]0;idgeo@GS11: /mnt/c/users/CP11.IDGEO/desktop/html/exo_git[01;32midgeo@GS11[00m:[01;34m/mnt/c/users/CP11.IDGEO/desktop/html/exo_git[00m$ [K]0;idgeo@GS11: /mnt/c/users/CP11.IDGEO/desktop/html/exo_git[01;32midgeo@GS11[00m:[01;34m/mnt/c/users/CP11.IDGEO/desktop/html/exo_git[00m$ [K]0;idgeo@GS11: /mnt/c/users/CP11.IDGEO/desktop/html/exo_git[01;32midgeo@GS11[00m:[01;34m/mnt/c/users/CP11.IDGEO/desktop/html/exo_git[00m$ git remo[K[K[K[Kbranch -M 
[?2004lfatal: branch name required
[?2004h]0;idgeo@GS11: /mnt/c/users/CP11.IDGEO/desktop/html/exo_git[01;32midgeo@GS11[00m:[01;34m/mnt/c/users/CP11.IDGEO/desktop/html/exo_git[00m$ git branch -M  VOL[K[K[Kvol1
[?2004l[?2004h]0;idgeo@GS11: /mnt/c/users/CP11.IDGEO/desktop/html/exo_git[01;32midgeo@GS11[00m:[01;34m/mnt/c/users/CP11.IDGEO/desktop/html/exo_git[00m$ gui [K[K[Kid[Kt remote add orgigine[K[K[K[K[K[Kigine [K[K https://GITHUB[K[K[K[K[K[Kgithub.com/welleadama.[K/ws_git_cpge om2325.git
[?2004l[?2004h]0;idgeo@GS11: /mnt/c/users/CP11.IDGEO/desktop/html/exo_git[01;32midgeo@GS11[00m:[01;34m/mnt/c/users/CP11.IDGEO/desktop/html/exo_git[00m$ git push _[K[K -u origin vol1
[?2004lUsername for 'https://github.com': welleadama
Password for 'https://welleadama@github.com': 
remote: Support for password authentication was removed on August 13, 2021.
remote: Please see https://docs.github.com/get-started/getting-started-with-git/about-remote-repositories#cloning-with-https-urls for information on currently recommended modes of authentication.
fatal: Authentication failed for 'https://github.com/welleadama/ws_git_cpgeom2325.git/'
[?2004h]0;idgeo@GS11: /mnt/c/users/CP11.IDGEO/desktop/html/exo_git[01;32midgeo@GS11[00m:[01;34m/mnt/c/users/CP11.IDGEO/desktop/html/exo_git[00m$ git push -u origin vol1[K[K[K[K[K[K[K[K[K[K[K[K[K[K[K
[?2004lfatal: The current branch vol1 has no upstream branch.
To push the current branch and set the remote as upstream, use

    git push --set-upstream origin vol1

[?2004h]0;idgeo@GS11: /mnt/c/users/CP11.IDGEO/desktop/html/exo_git[01;32midgeo@GS11[00m:[01;34m/mnt/c/users/CP11.IDGEO/desktop/html/exo_git[00m$ git push -u origin vol1[K[K[K[K
[?2004lfatal: The current branch vol1 has no upstream branch.
To push the current branch and set the remote as upstream, use

    git push --set-upstream origin vol1

[?2004h]0;idgeo@GS11: /mnt/c/users/CP11.IDGEO/desktop/html/exo_git[01;32midgeo@GS11[00m:[01;34m/mnt/c/users/CP11.IDGEO/desktop/html/exo_git[00m$ git push -u origin [K -u origin vol1[K[K[K[Kmaster
[?2004lerror: src refspec master does not match any
[31merror: failed to push some refs to 'https://github.com/welleadama/ws_git_cpgeom2325.git'
[m[?2004h]0;idgeo@GS11: /mnt/c/users/CP11.IDGEO/desktop/html/exo_git[01;32midgeo@GS11[00m:[01;34m/mnt/c/users/CP11.IDGEO/desktop/html/exo_git[00m$ git push -u origin master[K[K -u origin vol1
[?2004lUsername for 'https://github.com': welleadama
Password for 'https://welleadama@github.com': 
remote: Support for password authentication was removed on August 13, 2021.
remote: Please see https://docs.github.com/get-started/getting-started-with-git/about-remote-repositories#cloning-with-https-urls for information on currently recommended modes of authentication.
fatal: Authentication failed for 'https://github.com/welleadama/ws_git_cpgeom2325.git/'
[?2004h]0;idgeo@GS11: /mnt/c/users/CP11.IDGEO/desktop/html/exo_git[01;32midgeo@GS11[00m:[01;34m/mnt/c/users/CP11.IDGEO/desktop/html/exo_git[00m$ git push -u origin vol1[K[K[K[Kmain
[?2004lerror: src refspec main does not match any
[31merror: failed to push some refs to 'https://github.com/welleadama/ws_git_cpgeom2325.git'
[m[?2004h]0;idgeo@GS11: /mnt/c/users/CP11.IDGEO/desktop/html/exo_git[01;32midgeo@GS11[00m:[01;34m/mnt/c/users/CP11.IDGEO/desktop/html/exo_git[00m$ git push -u origin main
[?2004lerror: src refspec main does not match any
[31merror: failed to push some refs to 'https://github.com/welleadama/ws_git_cpgeom2325.git'
[m[?2004h]0;idgeo@GS11: /mnt/c/users/CP11.IDGEO/desktop/html/exo_git[01;32midgeo@GS11[00m:[01;34m/mnt/c/users/CP11.IDGEO/desktop/html/exo_git[00m$ git push -u origin mainvol1master[K[K -u origin vol1remote add origin https://github.com/welleadama/ws_git_cpgeom2325.git[A]0;idgeo@GS11: /mnt/c/users/CP11.IDGEO/desktop/html/exo_git[01;32midgeo@GS11[00m:[01;34m/mnt/c/users/CP11.IDGEO/desktop/html/exo_git[00m$ [C[C[C[Cbranch -M  vol1[K
[K[A[C[C[C[C[C[C[C[C[C[C[C[C[C[C[C[C[C[C[C[C[C[C[C[C[C[C[C[C[C[C[C[C[C[C[C[C[C[C[C[C[C[C[C[C[C[C[C[C[C[C[C[C[C[C[C[C[C[C[C[C[C[C[C[C[C[C[C[C[C[C[C[C[C[C[C[C[Kcommit -m "code"add *[K* commit -m "code"[12Pbit help[Kgit branch  evol1[K[3Phistorygit branchScript started, output log file is 'terminal_ligne_de_code.txt  
git branch
hystory
Script started, output log file is 'terminal_ligne_de_code.txt [A[A[A[Amake[K
[K
[K
[K
[K[A[A[A[A[C[C[C[C[C[C[C[C[C[C[C[C[C[C[C[C[C[C[C[C[C[C[C[C[C[C[C[C[C[C[C[C[C[C[C[C[C[C[C[C[C[C[C[C[C[C[C[C[C[C[C[C[C[C[C[C[C[C[C[C[CScript started, output log file is 'terminal_ligne_de_code.txt  
git branch
hystory
Script started, output log file is 'terminal_ligne_de_code.txt [A[A[A[Agit branch[K
[K
[K
[K
[K[A[A[A[A[C[C[C[C[C[C[C[C[C[C[C[C[C[C[C[C[C[C[C[C[C[C[C[C[C[C[C[C[C[C[C[C[C[C[C[C[C[C[C[C[C[C[C[C[C[C[C[C[C[C[C[C[C[C[C[C[C[C[C[C[C[C[C[C[C[C[C[3Phistorygit branch  evol1bit [Khelpgit commit -m "code"[K[1Padd*  *commit -m "code"[6Pbranch -M  vol1remote add origin https://github.com/welleadama/ws_git_cpgeom2325.git[A]0;idgeo@GS11: /mnt/c/users/CP11.IDGEO/desktop/html/exo_git[01;32midgeo@GS11[00m:[01;34m/mnt/c/users/CP11.IDGEO/desktop/html/exo_git[00m$ [C[C[C[Cpush -u origin vol1[K
[K[A[C[C[C[C[C[C[C[C[C[C[C[C[C[C[C[C[C[C[C[C[C[C[C[C[C[C[C[C[C[C[C[C[C[C[C[C[C[C[C[C[C[C[C[C[C[C[C[C[C[C[C[C[C[C[C[C[C[C[C[C[C[C[C[C[C[C[C[C[C[C[C[C[C[C[C[C[C[C[C[C[K -u origin master[2Pvol1main[Kgit push -u origin mainvol1master[K[K -u origin vol1remote add origin https://github.com/welleadama/ws_git_cpgeom2325.git[K[K[K[K[K[K[K[K[K[K[A[C[C[C[C[C[C[C[C[C[C[C[C[C[C[C[C[C[C[C[C[C[C[C[C[C[C[C[C[C[C[C[C[C[C[C[C[C[C[C[C[C[C[C[C[C[C[C[C[C[C[C[C[C[C[C[C[C[C[C[C[C[C[C[C[C[C[C[C[C[C[C[C[C[C[C[C[C[C[C[C[C[C[C[C[C[C[C[C[C[C[C[C[C[C[C[C[C[C[C[C[C[C[C[C[C[C[C[C[C[C[C[C[C[C[C[C[C[C[C[K
[K[A[C[C[C[C[C[C[C[C[C[C[C[C[C[C[C[C[C[C[C[C[C[C[C[C[C[C[C[C[C[C[C[C[C[C[C[C[C[C[C[C[C[C[C[C[C[C[C[C[C[C[C[C[C[C[C[C[C[C[C[C[C[C[C[C[C[C[C[C[C[C[C[C[C[C[C[C[C[C[C[C[C[C[C[C[C[C[C[C[C[C[C[C[C[C[C[C[C[C[C[C[C[C[C[C[C[C[C[C[C[C[C[C[C[C[C[C[C[C[C[K[K[K[K[K[K[K[K[K[K[K[K[K[K[K[K[K[K[K[K[K[K[K[K[K[K[K[K[K[K[K[K[K[K[K[K[K[K[K[Khttps://github.com/welleadama/ws_git_cpgeom2325.git
[?2004lerror: remote origin already exists.
[?2004h]0;idgeo@GS11: /mnt/c/users/CP11.IDGEO/desktop/html/exo_git[01;32midgeo@GS11[00m:[01;34m/mnt/c/users/CP11.IDGEO/desktop/html/exo_git[00m$ git remote add origin https://github.com/welleadama/ws_git_cpgeom2325.git[A]0;idgeo@GS11: /mnt/c/users/CP11.IDGEO/desktop/html/exo_git[01;32midgeo@GS11[00m:[01;34m/mnt/c/users/CP11.IDGEO/desktop/html/exo_git[00m$ [C[C[C[Cpush -u origin main[K
[K[A[C[C[C[C[C[C[C[C[C[C[C[C[C[C[C[C[C[C[C[C[C[C[C[C[C[C[C[C[C[C[C[C[C[C[C[C[C[C[C[C[C[C[C[C[C[C[C[C[C[C[C[C[C[C[C[C[C[C[C[C[C[C[C[C[C[C[C[C[C[C[C[C[C[C[C[C[C[C[C[Cvol1mainremote add origin https://github.com/welleadama/ws_git_cpgeom2325.git[A]0;idgeo@GS11: /mnt/c/users/CP11.IDGEO/desktop/html/exo_git[01;32midgeo@GS11[00m:[01;34m/mnt/c/users/CP11.IDGEO/desktop/html/exo_git[00m$ [K
[K[A[C[C[C[C[C[C[C[C[C[C[C[C[C[C[C[C[C[C[C[C[C[C[C[C[C[C[C[C[C[C[C[C[C[C[C[C[C[C[C[C[C[C[C[C[C[C[C[C[C[C[C[C[C[C[C[C[Cgit remote add origin https://github.com/welleadama/ws_git_cpgeom2325.git[A[C[C[C[C[C[C[C[C[C[C[C[C[C[C[C[C[C[C[C[C[C[C[C[C[C[C[C[C[C[C[C[C[C[C[C[C[C[C[C[C[C[C[C[C[C[C[C[C[C[C[C[C[C[C[C[C[C[C[C[C[C[C[C[C[C[C[C[C[C[C[C[C[C[C[C[C[C[C[C[C[C[C[C[C[C[C[C[C[C[C[C[C[C[C[C[C[C[C[C[C[C[C[C[C[C[C[C[C[C[C[C[C[C[C[C[C[C[C[C[C[C_ https://github.com/welleadama/ws_git_cpgeom2325.git[A]0;idgeo@GS11: /mnt/c/users/CP11.IDGEO/desktop/html/exo_git[01;32midgeo@GS11[00m:[01;34m/mnt/c/users/CP11.IDGEO/desktop/html/exo_git[00m$ [C[C[C[C[C[C[C[C[C[C[C[C[C[C[C[C[C[C[C[C[C[C2 https://github.com/welleadama/ws_git_cpgeom2325.git[A]0;idgeo@GS11: /mnt/c/users/CP11.IDGEO/desktop/html/exo_git[01;32midgeo@GS11[00m:[01;34m/mnt/c/users/CP11.IDGEO/desktop/html/exo_git[00m$ [C[C[C[C[C[C[C[C[C[C[C[C[C[C[C[C[C[C[C[C[C[C[C

[?2004l[?2004h]0;idgeo@GS11: /mnt/c/users/CP11.IDGEO/desktop/html/exo_git[01;32midgeo@GS11[00m:[01;34m/mnt/c/users/CP11.IDGEO/desktop/html/exo_git[00m$ git remote add origin_2 https://github.com/welleadama/ws_git_cpgeom2325.git[A]0;idgeo@GS11: /mnt/c/users/CP11.IDGEO/desktop/html/exo_git[01;32midgeo@GS11[00m:[01;34m/mnt/c/users/CP11.IDGEO/desktop/html/exo_git[00m$ [C[C[C[C[C[C[C[C[C[C[C[C[C[C[C[C[C[C[C[C[C https://github.com/welleadama/ws_git_cpgeo[2Pm2325.git[A]0;idgeo@GS11: /mnt/c/users/CP11.IDGEO/desktop/html/exo_git[01;32midgeo@GS11[00m:[01;34m/mnt/c/users/CP11.IDGEO/desktop/html/exo_git[00m$ [C[C[C[Cpush -u origin main[K
[K[A[C[C[C[C[C[C[C[C[C[C[C[C[C[C[C[C[C[C[C[C[C[C[C[C[C[C[C[C[C[C[C[C[C[C[C[C[C[C[C[C[C[C[C[C[C[C[C[C[C[C[C[C[C[C[C[C[C[C[C[C[C[C[C[C[C[C[C[C[C[C[C[C[C[C[C[C[C[C[C[C_ main2 main
[?2004lerror: src refspec main does not match any
[31merror: failed to push some refs to 'https://github.com/welleadama/ws_git_cpgeom2325.git'
[m[?2004h]0;idgeo@GS11: /mnt/c/users/CP11.IDGEO/desktop/html/exo_git[01;32midgeo@GS11[00m:[01;34m/mnt/c/users/CP11.IDGEO/desktop/html/exo_git[00m$ git push -u origin_2 main[1P[1P[1P
[?2004lerror: src refspec main does not match any
[31merror: failed to push some refs to 'https://github.com/welleadama/ws_git_cpgeom2325.git'
[m[?2004h]0;idgeo@GS11: /mnt/c/users/CP11.IDGEO/desktop/html/exo_git[01;32midgeo@GS11[00m:[01;34m/mnt/c/users/CP11.IDGEO/desktop/html/exo_git[00m$ git push origin_2 main[K[K[Kaster
[?2004lerror: src refspec master does not match any
[31merror: failed to push some refs to 'https://github.com/welleadama/ws_git_cpgeom2325.git'
[m[?2004h]0;idgeo@GS11: /mnt/c/users/CP11.IDGEO/desktop/html/exo_git[01;32midgeo@GS11[00m:[01;34m/mnt/c/users/CP11.IDGEO/desktop/html/exo_git[00m$ ls
[?2004l[0m[01;32mnote.md[0m  [01;32mteodoseé.JPG[0m  [01;32mterminal_ligne_de_code.txt[0m  [01;32mtest_théodose.md[0m
[?2004h]0;idgeo@GS11: /mnt/c/users/CP11.IDGEO/desktop/html/exo_git[01;32midgeo@GS11[00m:[01;34m/mnt/c/users/CP11.IDGEO/desktop/html/exo_git[00m$ git cge[K[Khecj[Kl[Kkour[K[K[K[K[Kckout master
[?2004lerror: pathspec 'master' did not match any file(s) known to git
[?2004h]0;idgeo@GS11: /mnt/c/users/CP11.IDGEO/desktop/html/exo_git[01;32midgeo@GS11[00m:[01;34m/mnt/c/users/CP11.IDGEO/desktop/html/exo_git[00m$ git branch
[?2004l[?1h=  chckout[m[m
  checkout[m[m
  evol1[m[m
* [32mvol1[m[m
[K[?1l>[?2004h]0;idgeo@GS11: /mnt/c/users/CP11.IDGEO/desktop/html/exo_git[01;32midgeo@GS11[00m:[01;34m/mnt/c/users/CP11.IDGEO/desktop/html/exo_git[00m$ ls
[?2004l[0m[01;32mnote.md[0m  [01;32mteodoseé.JPG[0m  [01;32mterminal_ligne_de_code.txt[0m  [01;32mtest_théodose.md[0m
[?2004h]0;idgeo@GS11: /mnt/c/users/CP11.IDGEO/desktop/html/exo_git[01;32midgeo@GS11[00m:[01;34m/mnt/c/users/CP11.IDGEO/desktop/html/exo_git[00m$ lsgit branchcheckout masterls[Kgit push origin_2 master[C[2Pin[3@-u [C[C[C[C[C[C[C[C[C[C[C[C[Cremote add origin_2 https://github.com/welleadama/ws_git_cpgeom2325.git[A[C[C[C[C[C[C[C[C[C[C[C[C[C[C[C[C[C[C[C[C[C[C[C[C[C[C[C[C[C[C[C[C[C[C[C[C[C[C[C[C[C[C[C[C[C[C[C[C[C[C[C[C[C[C[C[C[C[C[C[C[C[C[C[C[C[C[C[C[C[C[C[C[C[C[C[C[C[C[C[C[C[C[C[C[C[C[C[C[C[C[C[C[C[C[C[C[C[C[C[C[C[C[C[C[C[C[C[C[C[C[C[C[C[C[C[C[C[C[C

[?2004lerror: remote origin_2 already exists.
[?2004h]0;idgeo@GS11: /mnt/c/users/CP11.IDGEO/desktop/html/exo_git[01;32midgeo@GS11[00m:[01;34m/mnt/c/users/CP11.IDGEO/desktop/html/exo_git[00m$ git commit
[?2004lOn branch vol1
Changes not staged for commit:
  (use "git add <file>..." to update what will be committed)
  (use "git restore <file>..." to discard changes in working directory)
	[31mmodified:   terminal_ligne_de_code.txt[m

no changes added to commit (use "git add" and/or "git commit -a")
[?2004h]0;idgeo@GS11: /mnt/c/users/CP11.IDGEO/desktop/html/exo_git[01;32midgeo@GS11[00m:[01;34m/mnt/c/users/CP11.IDGEO/desktop/html/exo_git[00m$ git commitremote add origin_2 https://github.com/welleadama/ws_git_cpgeom2325.git[A]0;idgeo@GS11: /mnt/c/users/CP11.IDGEO/desktop/html/exo_git[01;32midgeo@GS11[00m:[01;34m/mnt/c/users/CP11.IDGEO/desktop/html/exo_git[00m$ [C[C[C[Ccommit[K
[K[A